22:43:15 **** Incremental Build of configuration Debug for project seance_4 ****
make pre-build main-build 
a9-linaro-pre-build-step
' '
make: Nothing to be done for 'main-build'.
22:43:16 **** Incremental Build of configuration Debug for project seance_4 ****
make pre-build main-build 
a9-linaro-pre-build-step
' '
make: Nothing to be done for 'main-build'.
22:44:41 **** Auto Build of configuration Debug for project seance_4 ****
make pre-build main-build 
a9-linaro-pre-build-step
' '
'Building file: ../src/interrupt.c'
'Invoking: ARM v7 gcc compiler'
arm-none-eabi-gcc -Wall -O0 -g3 -c -fmessage-length=0 -MT"src/interrupt.o" -mcpu=cortex-a9 -mfpu=vfpv3 -mfloat-abi=hard -I../../seance_4_bsp/ps7_cortexa9_0/include -MMD -MP -MF"src/interrupt.d" -MT"src/interrupt.o" -o "src/interrupt.o" "../src/interrupt.c"
'Finished building: ../src/interrupt.c'
' '
'Building target: seance_4.elf'
'Invoking: ARM v7 gcc linker'
arm-none-eabi-gcc -mcpu=cortex-a9 -mfpu=vfpv3 -mfloat-abi=hard -Wl,-build-id=none -specs=Xilinx.spec -Wl,-T -Wl,../src/lscript.ld -L../../seance_4_bsp/ps7_cortexa9_0/lib -o "seance_4.elf"  ./src/MaccDriver.o ./src/interrupt.o ./src/platform.o ./src/timer.o ./src/tp_seance_4.o   -Wl,--start-group,-lxil,-lgcc,-lc,--end-group
'Finished building target: seance_4.elf'
' '
'Invoking: ARM v7 Print Size'
arm-none-eabi-size seance_4.elf  |tee "seance_4.elf.size"
   text	   data	    bss	    dec	    hex	filename
  67876	   3376	  23424	  94676	  171d4	seance_4.elf
'Finished building: seance_4.elf.size'
' '
22:44:44 **** Incremental Build of configuration Debug for project seance_4 ****
make pre-build main-build 
a9-linaro-pre-build-step
' '
make: Nothing to be done for 'main-build'.
