10:23:59 **** Build of configuration Debug for project seance_4 ****
make pre-build main-build 
a9-linaro-pre-build-step
' '
'Building file: ../src/interrupt.c'
'Invoking: ARM v7 gcc compiler'
arm-none-eabi-gcc -Wall -O0 -g3 -c -fmessage-length=0 -MT"src/interrupt.o" -mcpu=cortex-a9 -mfpu=vfpv3 -mfloat-abi=hard -I../../seance_4_bsp/ps7_cortexa9_0/include -MMD -MP -MF"src/interrupt.d" -MT"src/interrupt.o" -o "src/interrupt.o" "../src/interrupt.c"
'Finished building: ../src/interrupt.c'
' '
'Building file: ../src/platform.c'
'Invoking: ARM v7 gcc compiler'
arm-none-eabi-gcc -Wall -O0 -g3 -c -fmessage-length=0 -MT"src/platform.o" -mcpu=cortex-a9 -mfpu=vfpv3 -mfloat-abi=hard -I../../seance_4_bsp/ps7_cortexa9_0/include -MMD -MP -MF"src/platform.d" -MT"src/platform.o" -o "src/platform.o" "../src/platform.c"
'Finished building: ../src/platform.c'
' '
'Building file: ../src/timer.c'
'Invoking: ARM v7 gcc compiler'
arm-none-eabi-gcc -Wall -O0 -g3 -c -fmessage-length=0 -MT"src/timer.o" -mcpu=cortex-a9 -mfpu=vfpv3 -mfloat-abi=hard -I../../seance_4_bsp/ps7_cortexa9_0/include -MMD -MP -MF"src/timer.d" -MT"src/timer.o" -o "src/timer.o" "../src/timer.c"
'Finished building: ../src/timer.c'
' '
'Building file: ../src/tp_seance_4.c'
'Invoking: ARM v7 gcc compiler'
arm-none-eabi-gcc -Wall -O0 -g3 -c -fmessage-length=0 -MT"src/tp_seance_4.o" -mcpu=cortex-a9 -mfpu=vfpv3 -mfloat-abi=hard -I../../seance_4_bsp/ps7_cortexa9_0/include -MMD -MP -MF"src/tp_seance_4.d" -MT"src/tp_seance_4.o" -o "src/tp_seance_4.o" "../src/tp_seance_4.c"
../src/tp_seance_4.c: In function 'GetTime':
../src/tp_seance_4.c:46:3: warning: implicit declaration of function 'init_timer'; did you mean 'initstate'? [-Wimplicit-function-declaration]
   init_timer();
   ^~~~~~~~~~
   initstate
../src/tp_seance_4.c:51:17: warning: implicit declaration of function 'cycle_timer' [-Wimplicit-function-declaration]
   timer_cycle = cycle_timer();
                 ^~~~~~~~~~~
../src/tp_seance_4.c:52:3: warning: implicit declaration of function 'stop_timer'; did you mean 'strftime'? [-Wimplicit-function-declaration]
   stop_timer();
   ^~~~~~~~~~
   strftime
'Finished building: ../src/tp_seance_4.c'
' '
'Building target: seance_4.elf'
'Invoking: ARM v7 gcc linker'
arm-none-eabi-gcc -mcpu=cortex-a9 -mfpu=vfpv3 -mfloat-abi=hard -Wl,-build-id=none -specs=Xilinx.spec -Wl,-T -Wl,../src/lscript.ld -L../../seance_4_bsp/ps7_cortexa9_0/lib -o "seance_4.elf"  ./src/interrupt.o ./src/platform.o ./src/timer.o ./src/tp_seance_4.o   -Wl,--start-group,-lxil,-lgcc,-lc,--end-group
'Finished building target: seance_4.elf'
' '
'Invoking: ARM v7 Print Size'
arm-none-eabi-size seance_4.elf  |tee "seance_4.elf.size"
   text	   data	    bss	    dec	    hex	filename
  37760	   2336	  23336	  63432	   f7c8	seance_4.elf
'Finished building: seance_4.elf.size'
' '

10:24:02 Build Finished (took 3s.277ms)

